// Vitest Snapshot v1

exports[`Status > mounts and is still the same for fail variant 1`] = `
"<div>
  <p class=\\"font-bold\\"> An error occured. Health status could not be requested. </p>
</div>"
`;

exports[`Status > mounts and is still the same for success variant 1`] = `
"<div>
  <div>
    <div> Live backend service status is: </div>
    <table class=\\"table-fixed w-full\\">
      <tbody>
        <tr>
          <td class=\\"w-1/3\\"> Status </td>
          <td>healthy</td>
        </tr>
        <tr>
          <td>Server time</td>
          <td>Tue Feb 01 2000 14:00:00 GMT+0000 (Coordinated Universal Time)</td>
        </tr>
        <tr>
          <td>Startup Time</td>
          <td>Tue Feb 01 2000 13:00:00 GMT+0000 (Coordinated Universal Time)</td>
        </tr>
        <tr>
          <td>App version</td>
          <td>v0.0.1</td>
        </tr>
      </tbody>
    </table>
  </div>
</div>"
`;
